Traceback (most recent call last):
  File "/home/ubuntu/Desktop/practic1/./task3.py", line 5, in <module>
    num = float(input())
          ^^^^^^^^^^^^^^
ValueError: could not convert string to float: 'A = -6'
